/home/yj25b.fsu/miniconda3/lib/python3.13/site-packages/requests/__init__.py:113: RequestsDependencyWarning: urllib3 (2.6.1) or chardet (6.0.0.post1)/charset_normalizer (3.4.4) doesn't match a supported version!
  warnings.warn(
The following values were not passed to `accelerate launch` and had defaults used instead:
	`--num_machines` was set to a value of `1`
	`--mixed_precision` was set to a value of `'no'`
	`--dynamo_backend` was set to a value of `'no'`
To avoid this warning pass in values for each of the problematic parameters or run `accelerate config`.
/home/yj25b.fsu/miniconda3/lib/python3.13/site-packages/requests/__init__.py:113: RequestsDependencyWarning: urllib3 (2.6.1) or chardet (6.0.0.post1)/charset_normalizer (3.4.4) doesn't match a supported version!
  warnings.warn(
2026-09-24:16:56:15 WARNING  [config.evaluate_config:337] --limit SHOULD ONLY BE USED FOR TESTING. REAL METRICS SHOULD NOT BE COMPUTED USING LIMIT.
2026-09-24:16:56:33 INFO     [_cli.run:392] Selected Tasks: ['gsm8k']
2026-09-24:16:56:33 INFO     [evaluator:214] Setting random seed to 0 | Setting numpy seed to 1234 | Setting torch manual seed to 1234 | Setting fewshot manual seed to 1234
2026-09-24:16:56:33 INFO     [evaluator:239] Initializing test model, with arguments: {'id_model': 'GSAI-ML/LLaDA-8B-Base', 'size_batch': 16, 'len_target': 256, 'num_blocks': 1, 'num_unmask_per_step': 1, 'id_mask': 126336, 'runner': 'run_llada_dllm_cache_batch', 'path_report': 'results_experiment_horizontal/batch__dllmcache__bs16__runner.json', 'dllmc_v_rate': 0.25, 'step_refresh_remainder': 16, 'step_refresh_remainder_prompt': 64}
The argument `trust_remote_code` is to be used with Auto classes. It has no effect here and is ignored.
[YUKAI][DEBUG][__init__:46] {'id_model': 'GSAI-ML/LLaDA-8B-Base', 'size_batch': 16, 'len_target': 256, 'num_blocks': 1, 'num_unmask_per_step': 1, 'id_mask': 126336, 'runner': 'run_llada_dllm_cache_batch', 'path_report': 'results_experiment_horizontal/batch__dllmcache__bs16__runner.json', 'dllmc_v_rate': 0.25, 'step_refresh_remainder': 16, 'step_refresh_remainder_prompt': 64, 'device': 'cuda'} [FILE] /home/yj25b.fsu/Workspace/dllm-meta-experiment/run_benchmark_main.py
Loading checkpoint shards:   0%|          | 0/6 [00:00<?, ?it/s]Loading checkpoint shards:  17%|█▋        | 1/6 [00:00<00:00,  8.80it/s]Loading checkpoint shards:  33%|███▎      | 2/6 [00:00<00:00,  9.39it/s]Loading checkpoint shards:  50%|█████     | 3/6 [00:00<00:00,  9.52it/s]Loading checkpoint shards:  67%|██████▋   | 4/6 [00:00<00:00,  9.66it/s]Loading checkpoint shards:  83%|████████▎ | 5/6 [00:00<00:00,  9.76it/s]Loading checkpoint shards: 100%|██████████| 6/6 [00:00<00:00,  9.83it/s]Loading checkpoint shards: 100%|██████████| 6/6 [00:00<00:00,  9.66it/s]
2026-09-24:16:56:44 INFO     [evaluator_utils:472] Selected tasks:
2026-09-24:16:56:44 INFO     [evaluator_utils:506] Task: gsm8k (gsm8k/gsm8k.yaml)
2026-09-24:16:56:44 INFO     [evaluator:314] gsm8k: Using gen_kwargs: {'until': ['Question:', '</s>', '<|im_end|>'], 'do_sample': False, 'temperature': 0.0}
2026-09-24:16:56:44 WARNING  [evaluator:335] Overwriting default num_fewshot of gsm8k from 5 to 5
2026-09-24:16:56:44 INFO     [api.task:312] Building contexts for gsm8k on rank 0...
  0%|          | 0/64 [00:00<?, ?it/s] 69%|██████▉   | 44/64 [00:00<00:00, 433.48it/s]100%|██████████| 64/64 [00:00<00:00, 436.31it/s]
2026-09-24:16:56:44 INFO     [evaluator:589] Running generate_until requests
Map:   0%|          | 0/64 [00:00<?, ? examples/s]Map: 100%|██████████| 64/64 [00:00<00:00, 857.41 examples/s]
  0%|          | 0/4 [00:00<?, ?it/s]/home/yj25b.fsu/miniconda3/lib/python3.13/site-packages/torch/_inductor/compile_fx.py:321: UserWarning: TensorFloat32 tensor cores for float32 matrix multiplication available but not enabled. Consider setting `torch.set_float32_matmul_precision('high')` for better performance.
  warnings.warn(
 25%|██▌       | 1/4 [01:16<03:50, 76.68s/it] 50%|█████     | 2/4 [02:24<02:22, 71.48s/it] 75%|███████▌  | 3/4 [03:31<01:09, 69.52s/it]100%|██████████| 4/4 [04:43<00:00, 70.47s/it]100%|██████████| 4/4 [04:43<00:00, 70.91s/it]
2026-09-24:17:01:32 INFO     [loggers.evaluation_tracker:247] Saving results aggregated
[YUKAI][DEBUG][generate_until:188] Total unfinished: 5, duration: 0:04:44 [FILE] /home/yj25b.fsu/Workspace/dllm-meta-experiment/run_benchmark_main.py
test ({'id_model': 'GSAI-ML/LLaDA-8B-Base', 'size_batch': 16, 'len_target': 256, 'num_blocks': 1, 'num_unmask_per_step': 1, 'id_mask': 126336, 'runner': 'run_llada_dllm_cache_batch', 'path_report': 'results_experiment_horizontal/batch__dllmcache__bs16__runner.json', 'dllmc_v_rate': 0.25, 'step_refresh_remainder': 16, 'step_refresh_remainder_prompt': 64}), gen_kwargs: ({}), limit: 64.0, num_fewshot: 5, batch_size: 16
|Tasks|Version|     Filter     |n-shot|  Metric   |   |Value |   |Stderr|
|-----|------:|----------------|-----:|-----------|---|-----:|---|-----:|
|gsm8k|      3|flexible-extract|     5|exact_match|↑  |0.5469|±  |0.0627|
|     |       |strict-match    |     5|exact_match|↑  |0.6094|±  |0.0615|

