nohup: ignoring input
[gpu1] START dense__llada_base__g256 2026-09-25 15:21:10
[gpu0] START dense__llada_instruct__g256 2026-09-25 15:21:10
[gpu1] DONE  dense__llada_base__g256 2026-09-25 15:23:49
[gpu1] START dense__dream_base__g256 2026-09-25 15:23:49
[gpu0] DONE  dense__llada_instruct__g256 2026-09-25 15:23:52
[gpu0] START dense__dream_instruct__g256 2026-09-25 15:23:52
[gpu1] DONE  dense__dream_base__g256 2026-09-25 15:26:12
[gpu1] START ours__llada_base__g256 2026-09-25 15:26:12
[gpu0] DONE  dense__dream_instruct__g256 2026-09-25 15:26:16
[gpu0] START ours__llada_instruct__g256 2026-09-25 15:26:16
[gpu1] DONE  ours__llada_base__g256 2026-09-25 15:27:01
[gpu1] START ours__dream_base__g256 2026-09-25 15:27:01
[gpu0] DONE  ours__llada_instruct__g256 2026-09-25 15:27:02
[gpu0] START ours__dream_instruct__g256 2026-09-25 15:27:02
[gpu1] DONE  ours__dream_base__g256 2026-09-25 15:27:46
[gpu1] START dllmcache__llada_base__g256 2026-09-25 15:27:46
[gpu0] DONE  ours__dream_instruct__g256 2026-09-25 15:27:47
[gpu0] START dllmcache__llada_instruct__g256 2026-09-25 15:27:47
[gpu1] DONE  dllmcache__llada_base__g256 2026-09-25 15:28:50
[gpu1] START dllmcache__dream_base__g256 2026-09-25 15:28:50
[gpu0] DONE  dllmcache__llada_instruct__g256 2026-09-25 15:28:53
[gpu0] START dllmcache__dream_instruct__g256 2026-09-25 15:28:53
[gpu1] DONE  dllmcache__dream_base__g256 2026-09-25 15:29:45
[gpu1] START fastdllm__llada_base__g256 2026-09-25 15:29:45
[gpu0] DONE  dllmcache__dream_instruct__g256 2026-09-25 15:29:47
[gpu0] START fastdllm__llada_instruct__g256 2026-09-25 15:29:47
[gpu1] DONE  fastdllm__llada_base__g256 2026-09-25 15:30:26
[gpu1] START fastdllm__dream_base__g256 2026-09-25 15:30:26
[gpu0] DONE  fastdllm__llada_instruct__g256 2026-09-25 15:30:30
[gpu0] START fastdllm__dream_instruct__g256 2026-09-25 15:30:30
[gpu1] DONE  fastdllm__dream_base__g256 2026-09-25 15:31:06
[gpu1] START d2cache__llada_base__g256 2026-09-25 15:31:06
[gpu0] DONE  fastdllm__dream_instruct__g256 2026-09-25 15:31:10
[gpu0] START d2cache__llada_instruct__g256 2026-09-25 15:31:10
[gpu1] DONE  d2cache__llada_base__g256 2026-09-25 15:31:57
[gpu1] START d2cache__dream_base__g256 2026-09-25 15:31:57
[gpu0] DONE  d2cache__llada_instruct__g256 2026-09-25 15:32:03
[gpu0] START d2cache__dream_instruct__g256 2026-09-25 15:32:03
[gpu1] DONE  d2cache__dream_base__g256 2026-09-25 15:32:47
[gpu1] START dense__llada_base__g512 2026-09-25 15:32:47
[gpu0] DONE  d2cache__dream_instruct__g256 2026-09-25 15:32:54
[gpu0] START dense__llada_instruct__g512 2026-09-25 15:32:54
[gpu1] DONE  dense__llada_base__g512 2026-09-25 15:38:56
[gpu1] START dense__dream_base__g512 2026-09-25 15:38:56
[gpu0] DONE  dense__llada_instruct__g512 2026-09-25 15:39:04
[gpu0] START dense__dream_instruct__g512 2026-09-25 15:39:04
[gpu1] DONE  dense__dream_base__g512 2026-09-25 15:44:26
[gpu1] START ours__llada_base__g512 2026-09-25 15:44:26
[gpu0] DONE  dense__dream_instruct__g512 2026-09-25 15:44:40
[gpu0] START ours__llada_instruct__g512 2026-09-25 15:44:40
[gpu0] DONE  ours__llada_instruct__g512 2026-09-25 15:45:55
[gpu0] START ours__dream_base__g512 2026-09-25 15:45:55
[gpu1] DONE  ours__llada_base__g512 2026-09-25 15:45:56
[gpu1] START ours__dream_instruct__g512 2026-09-25 15:45:56
[gpu1] DONE  ours__dream_instruct__g512 2026-09-25 15:47:19
[gpu1] START dllmcache__llada_base__g512 2026-09-25 15:47:19
[gpu0] DONE  ours__dream_base__g512 2026-09-25 15:47:21
[gpu0] START dllmcache__llada_instruct__g512 2026-09-25 15:47:21
[gpu1] DONE  dllmcache__llada_base__g512 2026-09-25 15:49:48
[gpu1] START dllmcache__dream_base__g512 2026-09-25 15:49:48
[gpu0] DONE  dllmcache__llada_instruct__g512 2026-09-25 15:49:54
[gpu0] START dllmcache__dream_instruct__g512 2026-09-25 15:49:54
[gpu1] DONE  dllmcache__dream_base__g512 2026-09-25 15:51:43
[gpu1] START fastdllm__llada_base__g512 2026-09-25 15:51:43
[gpu0] DONE  dllmcache__dream_instruct__g512 2026-09-25 15:51:50
[gpu0] START fastdllm__llada_instruct__g512 2026-09-25 15:51:50
[gpu1] DONE  fastdllm__llada_base__g512 2026-09-25 15:52:54
[gpu1] START fastdllm__dream_base__g512 2026-09-25 15:52:54
[gpu0] DONE  fastdllm__llada_instruct__g512 2026-09-25 15:53:03
[gpu0] START fastdllm__dream_instruct__g512 2026-09-25 15:53:03
[gpu1] DONE  fastdllm__dream_base__g512 2026-09-25 15:54:03
[gpu1] START d2cache__llada_base__g512 2026-09-25 15:54:03
[gpu0] DONE  fastdllm__dream_instruct__g512 2026-09-25 15:54:13
[gpu0] START d2cache__llada_instruct__g512 2026-09-25 15:54:13
[gpu1] DONE  d2cache__llada_base__g512 2026-09-25 15:55:39
[gpu1] START d2cache__dream_base__g512 2026-09-25 15:55:39
[gpu0] DONE  d2cache__llada_instruct__g512 2026-09-25 15:55:55
[gpu0] START d2cache__dream_instruct__g512 2026-09-25 15:55:55
[gpu1] DONE  d2cache__dream_base__g512 2026-09-25 15:57:12
[gpu1] worker finished
[gpu0] DONE  d2cache__dream_instruct__g512 2026-09-25 15:57:28
[gpu0] worker finished
ALL WORKERS DONE: 40/40 -> results_experiment_timing
report: python run_experiment_timing_report.py --folder results_experiment_timing
