The following values were not passed to `accelerate launch` and had defaults used instead:
	`--num_machines` was set to a value of `1`
	`--mixed_precision` was set to a value of `'no'`
	`--dynamo_backend` was set to a value of `'no'`
To avoid this warning pass in values for each of the problematic parameters or run `accelerate config`.
2026-09-25:15:23:52 WARNING  [config.evaluate_config:287] --limit SHOULD ONLY BE USED FOR TESTING. REAL METRICS SHOULD NOT BE COMPUTED USING LIMIT.
2026-09-25:15:23:55 INFO     [_cli.run:388] Selected Tasks: ['gsm8k']
2026-09-25:15:23:55 INFO     [evaluator:214] Setting random seed to 0 | Setting numpy seed to 1234 | Setting torch manual seed to 1234 | Setting fewshot manual seed to 1234
2026-09-25:15:23:55 INFO     [evaluator:239] Initializing test model, with arguments: {'id_model': 'Dream-org/Dream-v0-Base-7B', 'size_batch': 1, 'len_target': 256, 'num_blocks': 1, 'num_unmask_per_step': 1, 'id_mask': 151666, 'runner': 'run_dream_semi', 'path_report': 'results_experiment_timing/dense__dream_base__g256__runner.json'}
The argument `trust_remote_code` is to be used with Auto classes. It has no effect here and is ignored.
[YUKAI][DEBUG][__init__:46] {'id_model': 'Dream-org/Dream-v0-Base-7B', 'size_batch': 1, 'len_target': 256, 'num_blocks': 1, 'num_unmask_per_step': 1, 'id_mask': 151666, 'runner': 'run_dream_semi', 'path_report': 'results_experiment_timing/dense__dream_base__g256__runner.json', 'device': 'cuda'} [FILE] /home/exx/Workspace/dllm-meta-experiment/run_benchmark_main.py
Loading checkpoint shards:   0%|          | 0/4 [00:00<?, ?it/s]Loading checkpoint shards:  25%|██▌       | 1/4 [00:00<00:00,  4.57it/s]Loading checkpoint shards:  50%|█████     | 2/4 [00:00<00:00,  5.06it/s]Loading checkpoint shards:  75%|███████▌  | 3/4 [00:00<00:00,  5.24it/s]Loading checkpoint shards: 100%|██████████| 4/4 [00:00<00:00,  5.13it/s]Loading checkpoint shards: 100%|██████████| 4/4 [00:00<00:00,  5.09it/s]
2026-09-25:15:23:58 INFO     [evaluator_utils:446] Selected tasks:
2026-09-25:15:23:58 INFO     [evaluator_utils:480] Task: gsm8k (gsm8k/gsm8k.yaml)
2026-09-25:15:23:58 INFO     [evaluator:314] gsm8k: Using gen_kwargs: {'until': ['Question:', '</s>', '<|im_end|>'], 'do_sample': False, 'temperature': 0.0}
2026-09-25:15:23:58 WARNING  [evaluator:333] Overwriting default num_fewshot of gsm8k from 5 to 5
2026-09-25:15:23:58 INFO     [api.task:312] Building contexts for gsm8k on rank 0...
  0%|          | 0/5 [00:00<?, ?it/s]100%|██████████| 5/5 [00:00<00:00, 653.32it/s]
2026-09-25:15:23:58 INFO     [evaluator:585] Running generate_until requests
Map:   0%|          | 0/5 [00:00<?, ? examples/s]Map: 100%|██████████| 5/5 [00:00<00:00, 351.79 examples/s]
  0%|          | 0/5 [00:00<?, ?it/s] 20%|██        | 1/5 [00:26<01:45, 26.31s/it] 40%|████      | 2/5 [00:52<01:19, 26.38s/it] 60%|██████    | 3/5 [01:19<00:53, 26.53s/it] 80%|████████  | 4/5 [01:42<00:25, 25.12s/it]100%|██████████| 5/5 [02:09<00:00, 25.73s/it]100%|██████████| 5/5 [02:09<00:00, 25.85s/it]
2026-09-25:15:26:10 INFO     [loggers.evaluation_tracker:247] Saving results aggregated
[YUKAI][DEBUG][generate_until:188] Total unfinished: 5, duration: 0:02:10 [FILE] /home/exx/Workspace/dllm-meta-experiment/run_benchmark_main.py
test ({'id_model': 'Dream-org/Dream-v0-Base-7B', 'size_batch': 1, 'len_target': 256, 'num_blocks': 1, 'num_unmask_per_step': 1, 'id_mask': 151666, 'runner': 'run_dream_semi', 'path_report': 'results_experiment_timing/dense__dream_base__g256__runner.json'}), gen_kwargs: ({}), limit: 5.0, num_fewshot: 5, batch_size: 1
|Tasks|Version|     Filter     |n-shot|  Metric   |   |Value|   |Stderr|
|-----|------:|----------------|-----:|-----------|---|----:|---|-----:|
|gsm8k|      3|flexible-extract|     5|exact_match|↑  |  0.2|±  |   0.2|
|     |       |strict-match    |     5|exact_match|↑  |  0.8|±  |   0.2|

