The following values were not passed to `accelerate launch` and had defaults used instead:
	`--num_machines` was set to a value of `1`
	`--mixed_precision` was set to a value of `'no'`
	`--dynamo_backend` was set to a value of `'no'`
To avoid this warning pass in values for each of the problematic parameters or run `accelerate config`.
2026-09-25:15:49:51 WARNING  [config.evaluate_config:287] --limit SHOULD ONLY BE USED FOR TESTING. REAL METRICS SHOULD NOT BE COMPUTED USING LIMIT.
2026-09-25:15:49:53 INFO     [_cli.run:388] Selected Tasks: ['gsm8k']
2026-09-25:15:49:53 INFO     [evaluator:214] Setting random seed to 0 | Setting numpy seed to 1234 | Setting torch manual seed to 1234 | Setting fewshot manual seed to 1234
2026-09-25:15:49:53 INFO     [evaluator:239] Initializing test model, with arguments: {'id_model': 'Dream-org/Dream-v0-Base-7B', 'size_batch': 1, 'len_target': 512, 'num_blocks': 1, 'num_unmask_per_step': 1, 'id_mask': 151666, 'runner': 'run_dream_dllm_cache', 'path_report': 'results_experiment_timing/dllmcache__dream_base__g512__runner.json', 'dllmc_v_rate': 0.25, 'step_refresh_remainder': 8, 'step_refresh_remainder_prompt': 64}
The argument `trust_remote_code` is to be used with Auto classes. It has no effect here and is ignored.
[YUKAI][DEBUG][__init__:46] {'id_model': 'Dream-org/Dream-v0-Base-7B', 'size_batch': 1, 'len_target': 512, 'num_blocks': 1, 'num_unmask_per_step': 1, 'id_mask': 151666, 'runner': 'run_dream_dllm_cache', 'path_report': 'results_experiment_timing/dllmcache__dream_base__g512__runner.json', 'dllmc_v_rate': 0.25, 'step_refresh_remainder': 8, 'step_refresh_remainder_prompt': 64, 'device': 'cuda'} [FILE] /home/exx/Workspace/dllm-meta-experiment/run_benchmark_main.py
Loading checkpoint shards:   0%|          | 0/4 [00:00<?, ?it/s]Loading checkpoint shards:  25%|██▌       | 1/4 [00:00<00:00,  4.09it/s]Loading checkpoint shards:  50%|█████     | 2/4 [00:00<00:00,  4.17it/s]Loading checkpoint shards:  75%|███████▌  | 3/4 [00:00<00:00,  4.30it/s]Loading checkpoint shards: 100%|██████████| 4/4 [00:00<00:00,  4.42it/s]Loading checkpoint shards: 100%|██████████| 4/4 [00:00<00:00,  4.34it/s]
2026-09-25:15:49:57 INFO     [evaluator_utils:446] Selected tasks:
2026-09-25:15:49:57 INFO     [evaluator_utils:480] Task: gsm8k (gsm8k/gsm8k.yaml)
2026-09-25:15:49:57 INFO     [evaluator:314] gsm8k: Using gen_kwargs: {'until': ['Question:', '</s>', '<|im_end|>'], 'do_sample': False, 'temperature': 0.0}
2026-09-25:15:49:57 WARNING  [evaluator:333] Overwriting default num_fewshot of gsm8k from 5 to 5
2026-09-25:15:49:57 INFO     [api.task:312] Building contexts for gsm8k on rank 0...
  0%|          | 0/5 [00:00<?, ?it/s]100%|██████████| 5/5 [00:00<00:00, 772.83it/s]
2026-09-25:15:49:57 INFO     [evaluator:585] Running generate_until requests
Map:   0%|          | 0/5 [00:00<?, ? examples/s]Map: 100%|██████████| 5/5 [00:00<00:00, 343.29 examples/s]
  0%|          | 0/5 [00:00<?, ?it/s] 20%|██        | 1/5 [00:20<01:22, 20.51s/it] 40%|████      | 2/5 [00:41<01:01, 20.52s/it] 60%|██████    | 3/5 [01:01<00:41, 20.53s/it] 80%|████████  | 4/5 [01:20<00:20, 20.05s/it]100%|██████████| 5/5 [01:41<00:00, 20.27s/it]100%|██████████| 5/5 [01:41<00:00, 20.31s/it]
2026-09-25:15:51:42 INFO     [loggers.evaluation_tracker:247] Saving results aggregated
[YUKAI][DEBUG][generate_until:188] Total unfinished: 5, duration: 0:01:42 [FILE] /home/exx/Workspace/dllm-meta-experiment/run_benchmark_main.py
test ({'id_model': 'Dream-org/Dream-v0-Base-7B', 'size_batch': 1, 'len_target': 512, 'num_blocks': 1, 'num_unmask_per_step': 1, 'id_mask': 151666, 'runner': 'run_dream_dllm_cache', 'path_report': 'results_experiment_timing/dllmcache__dream_base__g512__runner.json', 'dllmc_v_rate': 0.25, 'step_refresh_remainder': 8, 'step_refresh_remainder_prompt': 64}), gen_kwargs: ({}), limit: 5.0, num_fewshot: 5, batch_size: 1
|Tasks|Version|     Filter     |n-shot|  Metric   |   |Value|   |Stderr|
|-----|------:|----------------|-----:|-----------|---|----:|---|-----:|
|gsm8k|      3|flexible-extract|     5|exact_match|↑  |  0.2|±  |0.2000|
|     |       |strict-match    |     5|exact_match|↑  |  0.6|±  |0.2449|

