The following values were not passed to `accelerate launch` and had defaults used instead:
	`--num_machines` was set to a value of `1`
	`--mixed_precision` was set to a value of `'no'`
	`--dynamo_backend` was set to a value of `'no'`
To avoid this warning pass in values for each of the problematic parameters or run `accelerate config`.
2026-09-25:15:47:22 WARNING  [config.evaluate_config:287] --limit SHOULD ONLY BE USED FOR TESTING. REAL METRICS SHOULD NOT BE COMPUTED USING LIMIT.
2026-09-25:15:47:24 INFO     [_cli.run:388] Selected Tasks: ['gsm8k']
2026-09-25:15:47:24 INFO     [evaluator:214] Setting random seed to 0 | Setting numpy seed to 1234 | Setting torch manual seed to 1234 | Setting fewshot manual seed to 1234
2026-09-25:15:47:24 INFO     [evaluator:239] Initializing test model, with arguments: {'id_model': 'GSAI-ML/LLaDA-8B-Base', 'size_batch': 1, 'len_target': 512, 'num_blocks': 1, 'num_unmask_per_step': 1, 'id_mask': 126336, 'runner': 'run_llada_dllm_cache', 'path_report': 'results_experiment_timing/dllmcache__llada_base__g512__runner.json', 'dllmc_v_rate': 0.25, 'step_refresh_remainder': 8, 'step_refresh_remainder_prompt': 64}
The argument `trust_remote_code` is to be used with Auto classes. It has no effect here and is ignored.
[YUKAI][DEBUG][__init__:46] {'id_model': 'GSAI-ML/LLaDA-8B-Base', 'size_batch': 1, 'len_target': 512, 'num_blocks': 1, 'num_unmask_per_step': 1, 'id_mask': 126336, 'runner': 'run_llada_dllm_cache', 'path_report': 'results_experiment_timing/dllmcache__llada_base__g512__runner.json', 'dllmc_v_rate': 0.25, 'step_refresh_remainder': 8, 'step_refresh_remainder_prompt': 64, 'device': 'cuda'} [FILE] /home/exx/Workspace/dllm-meta-experiment/run_benchmark_main.py
Loading checkpoint shards:   0%|          | 0/6 [00:00<?, ?it/s]Loading checkpoint shards:  17%|█▋        | 1/6 [00:00<00:01,  3.94it/s]Loading checkpoint shards:  33%|███▎      | 2/6 [00:00<00:00,  4.12it/s]Loading checkpoint shards:  50%|█████     | 3/6 [00:00<00:00,  4.18it/s]Loading checkpoint shards:  67%|██████▋   | 4/6 [00:00<00:00,  4.22it/s]Loading checkpoint shards:  83%|████████▎ | 5/6 [00:01<00:00,  4.22it/s]Loading checkpoint shards: 100%|██████████| 6/6 [00:01<00:00,  4.05it/s]Loading checkpoint shards: 100%|██████████| 6/6 [00:01<00:00,  4.11it/s]
2026-09-25:15:47:29 INFO     [evaluator_utils:446] Selected tasks:
2026-09-25:15:47:29 INFO     [evaluator_utils:480] Task: gsm8k (gsm8k/gsm8k.yaml)
2026-09-25:15:47:29 INFO     [evaluator:314] gsm8k: Using gen_kwargs: {'until': ['Question:', '</s>', '<|im_end|>'], 'do_sample': False, 'temperature': 0.0}
2026-09-25:15:47:29 WARNING  [evaluator:333] Overwriting default num_fewshot of gsm8k from 5 to 5
2026-09-25:15:47:29 INFO     [api.task:312] Building contexts for gsm8k on rank 0...
  0%|          | 0/5 [00:00<?, ?it/s]100%|██████████| 5/5 [00:00<00:00, 761.66it/s]
2026-09-25:15:47:29 INFO     [evaluator:585] Running generate_until requests
Map:   0%|          | 0/5 [00:00<?, ? examples/s]Map: 100%|██████████| 5/5 [00:00<00:00, 730.66 examples/s]
  0%|          | 0/5 [00:00<?, ?it/s] 20%|██        | 1/5 [00:27<01:49, 27.45s/it] 40%|████      | 2/5 [00:54<01:21, 27.32s/it] 60%|██████    | 3/5 [01:21<00:54, 27.31s/it] 80%|████████  | 4/5 [01:48<00:26, 26.89s/it]100%|██████████| 5/5 [02:15<00:00, 27.08s/it]100%|██████████| 5/5 [02:15<00:00, 27.13s/it]
2026-09-25:15:49:46 INFO     [loggers.evaluation_tracker:247] Saving results aggregated
[YUKAI][DEBUG][generate_until:188] Total unfinished: 0, duration: 0:02:16 [FILE] /home/exx/Workspace/dllm-meta-experiment/run_benchmark_main.py
test ({'id_model': 'GSAI-ML/LLaDA-8B-Base', 'size_batch': 1, 'len_target': 512, 'num_blocks': 1, 'num_unmask_per_step': 1, 'id_mask': 126336, 'runner': 'run_llada_dllm_cache', 'path_report': 'results_experiment_timing/dllmcache__llada_base__g512__runner.json', 'dllmc_v_rate': 0.25, 'step_refresh_remainder': 8, 'step_refresh_remainder_prompt': 64}), gen_kwargs: ({}), limit: 5.0, num_fewshot: 5, batch_size: 1
|Tasks|Version|     Filter     |n-shot|  Metric   |   |Value|   |Stderr|
|-----|------:|----------------|-----:|-----------|---|----:|---|-----:|
|gsm8k|      3|flexible-extract|     5|exact_match|↑  |  0.8|±  |   0.2|
|     |       |strict-match    |     5|exact_match|↑  |  0.8|±  |   0.2|

